Analysis & Synthesis report for letras
Tue Sep 08 18:57:08 2026
Quartus II 64-Bit Version 13.0.1 Build 232 06/12/2013 Service Pack 1 SJ Web Edition


---------------------
; Table of Contents ;
---------------------
  1. Legal Notice
  2. Analysis & Synthesis Summary
  3. Analysis & Synthesis Settings
  4. Parallel Compilation
  5. Analysis & Synthesis Source Files Read
  6. Analysis & Synthesis Resource Usage Summary
  7. Analysis & Synthesis Resource Utilization by Entity
  8. General Register Statistics
  9. Multiplexer Restructuring Statistics (Restructuring Performed)
 10. Port Connectivity Checks: "MUX8X8:U1"
 11. Port Connectivity Checks: "MUX16X35:U0"
 12. Elapsed Time Per Partition
 13. Analysis & Synthesis Messages



----------------
; Legal Notice ;
----------------
Copyright (C) 1991-2013 Altera Corporation
Your use of Altera Corporation's design tools, logic functions 
and other software and tools, and its AMPP partner logic 
functions, and any output files from any of the foregoing 
(including device programming or simulation files), and any 
associated documentation or information are expressly subject 
to the terms and conditions of the Altera Program License 
Subscription Agreement, Altera MegaCore Function License 
Agreement, or other applicable license agreement, including, 
without limitation, that your use is for the sole purpose of 
programming logic devices manufactured by Altera and sold by 
Altera or its authorized distributors.  Please refer to the 
applicable agreement for further details.



+--------------------------------------------------------------------------------------+
; Analysis & Synthesis Summary                                                         ;
+------------------------------------+-------------------------------------------------+
; Analysis & Synthesis Status        ; Successful - Tue Sep 08 18:57:07 2026           ;
; Quartus II 64-Bit Version          ; 13.0.1 Build 232 06/12/2013 SP 1 SJ Web Edition ;
; Revision Name                      ; letras                                          ;
; Top-level Entity Name              ; LETRAS                                          ;
; Family                             ; Cyclone II                                      ;
; Total logic elements               ; 67                                              ;
;     Total combinational functions  ; 67                                              ;
;     Dedicated logic registers      ; 0                                               ;
; Total registers                    ; 0                                               ;
; Total pins                         ; 23                                              ;
; Total virtual pins                 ; 0                                               ;
; Total memory bits                  ; 0                                               ;
; Embedded Multiplier 9-bit elements ; 0                                               ;
; Total PLLs                         ; 0                                               ;
+------------------------------------+-------------------------------------------------+


+----------------------------------------------------------------------------------------------------------------------+
; Analysis & Synthesis Settings                                                                                        ;
+----------------------------------------------------------------------------+--------------------+--------------------+
; Option                                                                     ; Setting            ; Default Value      ;
+----------------------------------------------------------------------------+--------------------+--------------------+
; Device                                                                     ; EP2C35F672C6       ;                    ;
; Top-level entity name                                                      ; LETRAS             ; letras             ;
; Family name                                                                ; Cyclone II         ; Cyclone IV GX      ;
; Use smart compilation                                                      ; Off                ; Off                ;
; Enable parallel Assembler and TimeQuest Timing Analyzer during compilation ; On                 ; On                 ;
; Enable compact report table                                                ; Off                ; Off                ;
; Restructure Multiplexers                                                   ; Auto               ; Auto               ;
; Create Debugging Nodes for IP Cores                                        ; Off                ; Off                ;
; Preserve fewer node names                                                  ; On                 ; On                 ;
; Disable OpenCore Plus hardware evaluation                                  ; Off                ; Off                ;
; Verilog Version                                                            ; Verilog_2001       ; Verilog_2001       ;
; VHDL Version                                                               ; VHDL_1993          ; VHDL_1993          ;
; State Machine Processing                                                   ; Auto               ; Auto               ;
; Safe State Machine                                                         ; Off                ; Off                ;
; Extract Verilog State Machines                                             ; On                 ; On                 ;
; Extract VHDL State Machines                                                ; On                 ; On                 ;
; Ignore Verilog initial constructs                                          ; Off                ; Off                ;
; Iteration limit for constant Verilog loops                                 ; 5000               ; 5000               ;
; Iteration limit for non-constant Verilog loops                             ; 250                ; 250                ;
; Add Pass-Through Logic to Inferred RAMs                                    ; On                 ; On                 ;
; Infer RAMs from Raw Logic                                                  ; On                 ; On                 ;
; Parallel Synthesis                                                         ; On                 ; On                 ;
; DSP Block Balancing                                                        ; Auto               ; Auto               ;
; NOT Gate Push-Back                                                         ; On                 ; On                 ;
; Power-Up Don't Care                                                        ; On                 ; On                 ;
; Remove Redundant Logic Cells                                               ; Off                ; Off                ;
; Remove Duplicate Registers                                                 ; On                 ; On                 ;
; Ignore CARRY Buffers                                                       ; Off                ; Off                ;
; Ignore CASCADE Buffers                                                     ; Off                ; Off                ;
; Ignore GLOBAL Buffers                                                      ; Off                ; Off                ;
; Ignore ROW GLOBAL Buffers                                                  ; Off                ; Off                ;
; Ignore LCELL Buffers                                                       ; Off                ; Off                ;
; Ignore SOFT Buffers                                                        ; On                 ; On                 ;
; Limit AHDL Integers to 32 Bits                                             ; Off                ; Off                ;
; Optimization Technique                                                     ; Balanced           ; Balanced           ;
; Carry Chain Length                                                         ; 70                 ; 70                 ;
; Auto Carry Chains                                                          ; On                 ; On                 ;
; Auto Open-Drain Pins                                                       ; On                 ; On                 ;
; Perform WYSIWYG Primitive Resynthesis                                      ; Off                ; Off                ;
; Auto ROM Replacement                                                       ; On                 ; On                 ;
; Auto RAM Replacement                                                       ; On                 ; On                 ;
; Auto Shift Register Replacement                                            ; Auto               ; Auto               ;
; Allow Shift Register Merging across Hierarchies                            ; Auto               ; Auto               ;
; Auto Clock Enable Replacement                                              ; On                 ; On                 ;
; Strict RAM Replacement                                                     ; Off                ; Off                ;
; Allow Synchronous Control Signals                                          ; On                 ; On                 ;
; Force Use of Synchronous Clear Signals                                     ; Off                ; Off                ;
; Auto RAM to Logic Cell Conversion                                          ; Off                ; Off                ;
; Auto Resource Sharing                                                      ; Off                ; Off                ;
; Allow Any RAM Size For Recognition                                         ; Off                ; Off                ;
; Allow Any ROM Size For Recognition                                         ; Off                ; Off                ;
; Allow Any Shift Register Size For Recognition                              ; Off                ; Off                ;
; Use LogicLock Constraints during Resource Balancing                        ; On                 ; On                 ;
; Ignore translate_off and synthesis_off directives                          ; Off                ; Off                ;
; Timing-Driven Synthesis                                                    ; Off                ; Off                ;
; Report Parameter Settings                                                  ; On                 ; On                 ;
; Report Source Assignments                                                  ; On                 ; On                 ;
; Report Connectivity Checks                                                 ; On                 ; On                 ;
; Ignore Maximum Fan-Out Assignments                                         ; Off                ; Off                ;
; Synchronization Register Chain Length                                      ; 2                  ; 2                  ;
; PowerPlay Power Optimization                                               ; Normal compilation ; Normal compilation ;
; HDL message level                                                          ; Level2             ; Level2             ;
; Suppress Register Optimization Related Messages                            ; Off                ; Off                ;
; Number of Removed Registers Reported in Synthesis Report                   ; 5000               ; 5000               ;
; Number of Swept Nodes Reported in Synthesis Report                         ; 5000               ; 5000               ;
; Number of Inverted Registers Reported in Synthesis Report                  ; 100                ; 100                ;
; Clock MUX Protection                                                       ; On                 ; On                 ;
; Auto Gated Clock Conversion                                                ; Off                ; Off                ;
; Block Design Naming                                                        ; Auto               ; Auto               ;
; SDC constraint protection                                                  ; Off                ; Off                ;
; Synthesis Effort                                                           ; Auto               ; Auto               ;
; Shift Register Replacement - Allow Asynchronous Clear Signal               ; On                 ; On                 ;
; Pre-Mapping Resynthesis Optimization                                       ; Off                ; Off                ;
; Analysis & Synthesis Message Level                                         ; Medium             ; Medium             ;
; Disable Register Merging Across Hierarchies                                ; Auto               ; Auto               ;
; Resource Aware Inference For Block RAM                                     ; On                 ; On                 ;
; Synthesis Seed                                                             ; 1                  ; 1                  ;
+----------------------------------------------------------------------------+--------------------+--------------------+


Parallel compilation was disabled, but you have multiple processors available. Enable parallel compilation to reduce compilation time.
+-------------------------------------+
; Parallel Compilation                ;
+----------------------------+--------+
; Processors                 ; Number ;
+----------------------------+--------+
; Number detected on machine ; 12     ;
; Maximum allowed            ; 1      ;
+----------------------------+--------+


+-------------------------------------------------------------------------------------------------------------------------------------------------------------------------------------+
; Analysis & Synthesis Source Files Read                                                                                                                                              ;
+----------------------------------+-----------------+-----------------+----------------------------------------------------------------------------------------------------+---------+
; File Name with User-Entered Path ; Used in Netlist ; File Type       ; File Name with Absolute Path                                                                       ; Library ;
+----------------------------------+-----------------+-----------------+----------------------------------------------------------------------------------------------------+---------+
; mux8x8.vhd                       ; yes             ; User VHDL File  ; C:/Users/rinaldo/Documents/relatorio_sd/sistemas_digitais/SD PRJ6 - LETRA/VHDL/letras/mux8x8.vhd   ;         ;
; mux8x1.vhd                       ; yes             ; User VHDL File  ; C:/Users/rinaldo/Documents/relatorio_sd/sistemas_digitais/SD PRJ6 - LETRA/VHDL/letras/mux8x1.vhd   ;         ;
; mux4x1.vhd                       ; yes             ; User VHDL File  ; C:/Users/rinaldo/Documents/relatorio_sd/sistemas_digitais/SD PRJ6 - LETRA/VHDL/letras/mux4x1.vhd   ;         ;
; mux2x1.vhd                       ; yes             ; User VHDL File  ; C:/Users/rinaldo/Documents/relatorio_sd/sistemas_digitais/SD PRJ6 - LETRA/VHDL/letras/mux2x1.vhd   ;         ;
; mux16x35.vhd                     ; yes             ; User VHDL File  ; C:/Users/rinaldo/Documents/relatorio_sd/sistemas_digitais/SD PRJ6 - LETRA/VHDL/letras/mux16x35.vhd ;         ;
; mux16x1.vhd                      ; yes             ; User VHDL File  ; C:/Users/rinaldo/Documents/relatorio_sd/sistemas_digitais/SD PRJ6 - LETRA/VHDL/letras/mux16x1.vhd  ;         ;
; main.vhd                         ; yes             ; User VHDL File  ; C:/Users/rinaldo/Documents/relatorio_sd/sistemas_digitais/SD PRJ6 - LETRA/VHDL/letras/main.vhd     ;         ;
+----------------------------------+-----------------+-----------------+----------------------------------------------------------------------------------------------------+---------+


+------------------------------------------------------+
; Analysis & Synthesis Resource Usage Summary          ;
+---------------------------------------------+--------+
; Resource                                    ; Usage  ;
+---------------------------------------------+--------+
; Estimated Total logic elements              ; 67     ;
;                                             ;        ;
; Total combinational functions               ; 67     ;
; Logic element usage by number of LUT inputs ;        ;
;     -- 4 input functions                    ; 53     ;
;     -- 3 input functions                    ; 9      ;
;     -- <=2 input functions                  ; 5      ;
;                                             ;        ;
; Logic elements by mode                      ;        ;
;     -- normal mode                          ; 67     ;
;     -- arithmetic mode                      ; 0      ;
;                                             ;        ;
; Total registers                             ; 0      ;
;     -- Dedicated logic registers            ; 0      ;
;     -- I/O registers                        ; 0      ;
;                                             ;        ;
; I/O pins                                    ; 23     ;
; Embedded Multiplier 9-bit elements          ; 0      ;
; Maximum fan-out node                        ; SEL[3] ;
; Maximum fan-out                             ; 33     ;
; Total fan-out                               ; 256    ;
; Average fan-out                             ; 2.84   ;
+---------------------------------------------+--------+


+-------------------------------------------------------------------------------------------------------------------------------------------------------------------------------------------------------------+
; Analysis & Synthesis Resource Utilization by Entity                                                                                                                                                         ;
+----------------------------+-------------------+--------------+-------------+--------------+---------+-----------+------+--------------+-----------------------------------------------------+--------------+
; Compilation Hierarchy Node ; LC Combinationals ; LC Registers ; Memory Bits ; DSP Elements ; DSP 9x9 ; DSP 18x18 ; Pins ; Virtual Pins ; Full Hierarchy Name                                 ; Library Name ;
+----------------------------+-------------------+--------------+-------------+--------------+---------+-----------+------+--------------+-----------------------------------------------------+--------------+
; |LETRAS                    ; 67 (0)            ; 0 (0)        ; 0           ; 0            ; 0       ; 0         ; 23   ; 0            ; |LETRAS                                             ; work         ;
;    |MUX16X35:U0|           ; 7 (0)             ; 0 (0)        ; 0           ; 0            ; 0       ; 0         ; 0    ; 0            ; |LETRAS|MUX16X35:U0                                 ; work         ;
;       |MUX16X1:U14|        ; 2 (0)             ; 0 (0)        ; 0           ; 0            ; 0       ; 0         ; 0    ; 0            ; |LETRAS|MUX16X35:U0|MUX16X1:U14                     ; work         ;
;          |MUX8X1:U0|       ; 1 (0)             ; 0 (0)        ; 0           ; 0            ; 0       ; 0         ; 0    ; 0            ; |LETRAS|MUX16X35:U0|MUX16X1:U14|MUX8X1:U0           ; work         ;
;             |MUX2X1:U2|    ; 1 (1)             ; 0 (0)        ; 0           ; 0            ; 0       ; 0         ; 0    ; 0            ; |LETRAS|MUX16X35:U0|MUX16X1:U14|MUX8X1:U0|MUX2X1:U2 ; work         ;
;          |MUX8X1:U1|       ; 1 (0)             ; 0 (0)        ; 0           ; 0            ; 0       ; 0         ; 0    ; 0            ; |LETRAS|MUX16X35:U0|MUX16X1:U14|MUX8X1:U1           ; work         ;
;             |MUX2X1:U2|    ; 1 (1)             ; 0 (0)        ; 0           ; 0            ; 0       ; 0         ; 0    ; 0            ; |LETRAS|MUX16X35:U0|MUX16X1:U14|MUX8X1:U1|MUX2X1:U2 ; work         ;
;       |MUX16X1:U21|        ; 1 (0)             ; 0 (0)        ; 0           ; 0            ; 0       ; 0         ; 0    ; 0            ; |LETRAS|MUX16X35:U0|MUX16X1:U21                     ; work         ;
;          |MUX8X1:U1|       ; 1 (0)             ; 0 (0)        ; 0           ; 0            ; 0       ; 0         ; 0    ; 0            ; |LETRAS|MUX16X35:U0|MUX16X1:U21|MUX8X1:U1           ; work         ;
;             |MUX2X1:U2|    ; 1 (1)             ; 0 (0)        ; 0           ; 0            ; 0       ; 0         ; 0    ; 0            ; |LETRAS|MUX16X35:U0|MUX16X1:U21|MUX8X1:U1|MUX2X1:U2 ; work         ;
;       |MUX16X1:U32|        ; 1 (0)             ; 0 (0)        ; 0           ; 0            ; 0       ; 0         ; 0    ; 0            ; |LETRAS|MUX16X35:U0|MUX16X1:U32                     ; work         ;
;          |MUX2X1:U2|       ; 1 (1)             ; 0 (0)        ; 0           ; 0            ; 0       ; 0         ; 0    ; 0            ; |LETRAS|MUX16X35:U0|MUX16X1:U32|MUX2X1:U2           ; work         ;
;       |MUX16X1:U5|         ; 1 (0)             ; 0 (0)        ; 0           ; 0            ; 0       ; 0         ; 0    ; 0            ; |LETRAS|MUX16X35:U0|MUX16X1:U5                      ; work         ;
;          |MUX2X1:U2|       ; 1 (1)             ; 0 (0)        ; 0           ; 0            ; 0       ; 0         ; 0    ; 0            ; |LETRAS|MUX16X35:U0|MUX16X1:U5|MUX2X1:U2            ; work         ;
;       |MUX16X1:U7|         ; 1 (0)             ; 0 (0)        ; 0           ; 0            ; 0       ; 0         ; 0    ; 0            ; |LETRAS|MUX16X35:U0|MUX16X1:U7                      ; work         ;
;          |MUX8X1:U0|       ; 1 (0)             ; 0 (0)        ; 0           ; 0            ; 0       ; 0         ; 0    ; 0            ; |LETRAS|MUX16X35:U0|MUX16X1:U7|MUX8X1:U0            ; work         ;
;             |MUX2X1:U2|    ; 1 (1)             ; 0 (0)        ; 0           ; 0            ; 0       ; 0         ; 0    ; 0            ; |LETRAS|MUX16X35:U0|MUX16X1:U7|MUX8X1:U0|MUX2X1:U2  ; work         ;
;       |MUX16X1:U8|         ; 1 (0)             ; 0 (0)        ; 0           ; 0            ; 0       ; 0         ; 0    ; 0            ; |LETRAS|MUX16X35:U0|MUX16X1:U8                      ; work         ;
;          |MUX8X1:U1|       ; 1 (0)             ; 0 (0)        ; 0           ; 0            ; 0       ; 0         ; 0    ; 0            ; |LETRAS|MUX16X35:U0|MUX16X1:U8|MUX8X1:U1            ; work         ;
;             |MUX2X1:U2|    ; 1 (1)             ; 0 (0)        ; 0           ; 0            ; 0       ; 0         ; 0    ; 0            ; |LETRAS|MUX16X35:U0|MUX16X1:U8|MUX8X1:U1|MUX2X1:U2  ; work         ;
;    |MUX8X8:U1|             ; 60 (0)            ; 0 (0)        ; 0           ; 0            ; 0       ; 0         ; 0    ; 0            ; |LETRAS|MUX8X8:U1                                   ; work         ;
;       |MUX8X1:U1|          ; 10 (0)            ; 0 (0)        ; 0           ; 0            ; 0       ; 0         ; 0    ; 0            ; |LETRAS|MUX8X8:U1|MUX8X1:U1                         ; work         ;
;          |MUX2X1:U2|       ; 5 (5)             ; 0 (0)        ; 0           ; 0            ; 0       ; 0         ; 0    ; 0            ; |LETRAS|MUX8X8:U1|MUX8X1:U1|MUX2X1:U2               ; work         ;
;          |MUX4X1:U0|       ; 3 (0)             ; 0 (0)        ; 0           ; 0            ; 0       ; 0         ; 0    ; 0            ; |LETRAS|MUX8X8:U1|MUX8X1:U1|MUX4X1:U0               ; work         ;
;             |MUX2X1:U1|    ; 3 (3)             ; 0 (0)        ; 0           ; 0            ; 0       ; 0         ; 0    ; 0            ; |LETRAS|MUX8X8:U1|MUX8X1:U1|MUX4X1:U0|MUX2X1:U1     ; work         ;
;          |MUX4X1:U1|       ; 2 (0)             ; 0 (0)        ; 0           ; 0            ; 0       ; 0         ; 0    ; 0            ; |LETRAS|MUX8X8:U1|MUX8X1:U1|MUX4X1:U1               ; work         ;
;             |MUX2X1:U0|    ; 2 (2)             ; 0 (0)        ; 0           ; 0            ; 0       ; 0         ; 0    ; 0            ; |LETRAS|MUX8X8:U1|MUX8X1:U1|MUX4X1:U1|MUX2X1:U0     ; work         ;
;       |MUX8X1:U2|          ; 8 (0)             ; 0 (0)        ; 0           ; 0            ; 0       ; 0         ; 0    ; 0            ; |LETRAS|MUX8X8:U1|MUX8X1:U2                         ; work         ;
;          |MUX2X1:U2|       ; 8 (8)             ; 0 (0)        ; 0           ; 0            ; 0       ; 0         ; 0    ; 0            ; |LETRAS|MUX8X8:U1|MUX8X1:U2|MUX2X1:U2               ; work         ;
;       |MUX8X1:U3|          ; 10 (0)            ; 0 (0)        ; 0           ; 0            ; 0       ; 0         ; 0    ; 0            ; |LETRAS|MUX8X8:U1|MUX8X1:U3                         ; work         ;
;          |MUX2X1:U2|       ; 5 (5)             ; 0 (0)        ; 0           ; 0            ; 0       ; 0         ; 0    ; 0            ; |LETRAS|MUX8X8:U1|MUX8X1:U3|MUX2X1:U2               ; work         ;
;          |MUX4X1:U0|       ; 3 (0)             ; 0 (0)        ; 0           ; 0            ; 0       ; 0         ; 0    ; 0            ; |LETRAS|MUX8X8:U1|MUX8X1:U3|MUX4X1:U0               ; work         ;
;             |MUX2X1:U2|    ; 3 (3)             ; 0 (0)        ; 0           ; 0            ; 0       ; 0         ; 0    ; 0            ; |LETRAS|MUX8X8:U1|MUX8X1:U3|MUX4X1:U0|MUX2X1:U2     ; work         ;
;          |MUX4X1:U1|       ; 2 (0)             ; 0 (0)        ; 0           ; 0            ; 0       ; 0         ; 0    ; 0            ; |LETRAS|MUX8X8:U1|MUX8X1:U3|MUX4X1:U1               ; work         ;
;             |MUX2X1:U1|    ; 2 (2)             ; 0 (0)        ; 0           ; 0            ; 0       ; 0         ; 0    ; 0            ; |LETRAS|MUX8X8:U1|MUX8X1:U3|MUX4X1:U1|MUX2X1:U1     ; work         ;
;       |MUX8X1:U4|          ; 10 (0)            ; 0 (0)        ; 0           ; 0            ; 0       ; 0         ; 0    ; 0            ; |LETRAS|MUX8X8:U1|MUX8X1:U4                         ; work         ;
;          |MUX2X1:U2|       ; 5 (5)             ; 0 (0)        ; 0           ; 0            ; 0       ; 0         ; 0    ; 0            ; |LETRAS|MUX8X8:U1|MUX8X1:U4|MUX2X1:U2               ; work         ;
;          |MUX4X1:U0|       ; 3 (0)             ; 0 (0)        ; 0           ; 0            ; 0       ; 0         ; 0    ; 0            ; |LETRAS|MUX8X8:U1|MUX8X1:U4|MUX4X1:U0               ; work         ;
;             |MUX2X1:U2|    ; 3 (3)             ; 0 (0)        ; 0           ; 0            ; 0       ; 0         ; 0    ; 0            ; |LETRAS|MUX8X8:U1|MUX8X1:U4|MUX4X1:U0|MUX2X1:U2     ; work         ;
;          |MUX4X1:U1|       ; 2 (0)             ; 0 (0)        ; 0           ; 0            ; 0       ; 0         ; 0    ; 0            ; |LETRAS|MUX8X8:U1|MUX8X1:U4|MUX4X1:U1               ; work         ;
;             |MUX2X1:U1|    ; 2 (2)             ; 0 (0)        ; 0           ; 0            ; 0       ; 0         ; 0    ; 0            ; |LETRAS|MUX8X8:U1|MUX8X1:U4|MUX4X1:U1|MUX2X1:U1     ; work         ;
;       |MUX8X1:U5|          ; 7 (0)             ; 0 (0)        ; 0           ; 0            ; 0       ; 0         ; 0    ; 0            ; |LETRAS|MUX8X8:U1|MUX8X1:U5                         ; work         ;
;          |MUX2X1:U2|       ; 4 (4)             ; 0 (0)        ; 0           ; 0            ; 0       ; 0         ; 0    ; 0            ; |LETRAS|MUX8X8:U1|MUX8X1:U5|MUX2X1:U2               ; work         ;
;          |MUX4X1:U1|       ; 3 (0)             ; 0 (0)        ; 0           ; 0            ; 0       ; 0         ; 0    ; 0            ; |LETRAS|MUX8X8:U1|MUX8X1:U5|MUX4X1:U1               ; work         ;
;             |MUX2X1:U0|    ; 3 (3)             ; 0 (0)        ; 0           ; 0            ; 0       ; 0         ; 0    ; 0            ; |LETRAS|MUX8X8:U1|MUX8X1:U5|MUX4X1:U1|MUX2X1:U0     ; work         ;
;       |MUX8X1:U6|          ; 7 (0)             ; 0 (0)        ; 0           ; 0            ; 0       ; 0         ; 0    ; 0            ; |LETRAS|MUX8X8:U1|MUX8X1:U6                         ; work         ;
;          |MUX2X1:U2|       ; 3 (3)             ; 0 (0)        ; 0           ; 0            ; 0       ; 0         ; 0    ; 0            ; |LETRAS|MUX8X8:U1|MUX8X1:U6|MUX2X1:U2               ; work         ;
;          |MUX4X1:U0|       ; 3 (0)             ; 0 (0)        ; 0           ; 0            ; 0       ; 0         ; 0    ; 0            ; |LETRAS|MUX8X8:U1|MUX8X1:U6|MUX4X1:U0               ; work         ;
;             |MUX2X1:U1|    ; 3 (3)             ; 0 (0)        ; 0           ; 0            ; 0       ; 0         ; 0    ; 0            ; |LETRAS|MUX8X8:U1|MUX8X1:U6|MUX4X1:U0|MUX2X1:U1     ; work         ;
;          |MUX4X1:U1|       ; 1 (0)             ; 0 (0)        ; 0           ; 0            ; 0       ; 0         ; 0    ; 0            ; |LETRAS|MUX8X8:U1|MUX8X1:U6|MUX4X1:U1               ; work         ;
;             |MUX2X1:U0|    ; 1 (1)             ; 0 (0)        ; 0           ; 0            ; 0       ; 0         ; 0    ; 0            ; |LETRAS|MUX8X8:U1|MUX8X1:U6|MUX4X1:U1|MUX2X1:U0     ; work         ;
;       |MUX8X1:U7|          ; 8 (0)             ; 0 (0)        ; 0           ; 0            ; 0       ; 0         ; 0    ; 0            ; |LETRAS|MUX8X8:U1|MUX8X1:U7                         ; work         ;
;          |MUX2X1:U2|       ; 6 (6)             ; 0 (0)        ; 0           ; 0            ; 0       ; 0         ; 0    ; 0            ; |LETRAS|MUX8X8:U1|MUX8X1:U7|MUX2X1:U2               ; work         ;
;          |MUX4X1:U0|       ; 2 (0)             ; 0 (0)        ; 0           ; 0            ; 0       ; 0         ; 0    ; 0            ; |LETRAS|MUX8X8:U1|MUX8X1:U7|MUX4X1:U0               ; work         ;
;             |MUX2X1:U1|    ; 2 (2)             ; 0 (0)        ; 0           ; 0            ; 0       ; 0         ; 0    ; 0            ; |LETRAS|MUX8X8:U1|MUX8X1:U7|MUX4X1:U0|MUX2X1:U1     ; work         ;
+----------------------------+-------------------+--------------+-------------+--------------+---------+-----------+------+--------------+-----------------------------------------------------+--------------+
Note: For table entries with two numbers listed, the numbers in parentheses indicate the number of resources of the given type used by the specific entity alone. The numbers listed outside of parentheses indicate the total resources of the given type used by the specific entity and all of its sub-entities in the hierarchy.


+------------------------------------------------------+
; General Register Statistics                          ;
+----------------------------------------------+-------+
; Statistic                                    ; Value ;
+----------------------------------------------+-------+
; Total registers                              ; 0     ;
; Number of registers using Synchronous Clear  ; 0     ;
; Number of registers using Synchronous Load   ; 0     ;
; Number of registers using Asynchronous Clear ; 0     ;
; Number of registers using Asynchronous Load  ; 0     ;
; Number of registers using Clock Enable       ; 0     ;
; Number of registers using Preset             ; 0     ;
+----------------------------------------------+-------+


+-----------------------------------------------------------------------------------------------------------------------------------------------------------------+
; Multiplexer Restructuring Statistics (Restructuring Performed)                                                                                                  ;
+--------------------+-----------+---------------+----------------------+------------------------+------------+---------------------------------------------------+
; Multiplexer Inputs ; Bus Width ; Baseline Area ; Area if Restructured ; Saving if Restructured ; Registered ; Example Multiplexer Output                        ;
+--------------------+-----------+---------------+----------------------+------------------------+------------+---------------------------------------------------+
; 4:1                ; 2 bits    ; 4 LEs         ; 4 LEs                ; 0 LEs                  ; No         ; |LETRAS|MUX8X8:U1|MUX8X1:U1|MUX4X1:U0|MUX2X1:U1|Z ;
; 3:1                ; 3 bits    ; 6 LEs         ; 6 LEs                ; 0 LEs                  ; No         ; |LETRAS|MUX16X35:U0|MUX16X1:U1|MUX2X1:U2|Z        ;
; 7:1                ; 2 bits    ; 8 LEs         ; 8 LEs                ; 0 LEs                  ; No         ; |LETRAS|MUX8X8:U1|MUX8X1:U3|MUX2X1:U2|Z           ;
+--------------------+-----------+---------------+----------------------+------------------------+------------+---------------------------------------------------+


+-----------------------------------------+
; Port Connectivity Checks: "MUX8X8:U1"   ;
+-------+-------+----------+--------------+
; Port  ; Type  ; Severity ; Details      ;
+-------+-------+----------+--------------+
; i0    ; Input ; Info     ; Stuck at GND ;
; i1    ; Input ; Info     ; Stuck at GND ;
; i2[0] ; Input ; Info     ; Stuck at GND ;
; i3[0] ; Input ; Info     ; Stuck at GND ;
; i4[0] ; Input ; Info     ; Stuck at GND ;
; i5[0] ; Input ; Info     ; Stuck at GND ;
; i6[0] ; Input ; Info     ; Stuck at GND ;
; i7    ; Input ; Info     ; Stuck at GND ;
+-------+-------+----------+--------------+


+-----------------------------------------------+
; Port Connectivity Checks: "MUX16X35:U0"       ;
+-------------+-------+----------+--------------+
; Port        ; Type  ; Severity ; Details      ;
+-------------+-------+----------+--------------+
; i0[33..29]  ; Input ; Info     ; Stuck at VCC ;
; i0[21..20]  ; Input ; Info     ; Stuck at VCC ;
; i0[14..13]  ; Input ; Info     ; Stuck at VCC ;
; i0[5..1]    ; Input ; Info     ; Stuck at VCC ;
; i0[26..24]  ; Input ; Info     ; Stuck at GND ;
; i0[19..18]  ; Input ; Info     ; Stuck at GND ;
; i0[16..15]  ; Input ; Info     ; Stuck at GND ;
; i0[10..8]   ; Input ; Info     ; Stuck at GND ;
; i0[34]      ; Input ; Info     ; Stuck at GND ;
; i0[28]      ; Input ; Info     ; Stuck at GND ;
; i0[27]      ; Input ; Info     ; Stuck at VCC ;
; i0[23]      ; Input ; Info     ; Stuck at VCC ;
; i0[22]      ; Input ; Info     ; Stuck at GND ;
; i0[17]      ; Input ; Info     ; Stuck at VCC ;
; i0[12]      ; Input ; Info     ; Stuck at GND ;
; i0[11]      ; Input ; Info     ; Stuck at VCC ;
; i0[7]       ; Input ; Info     ; Stuck at VCC ;
; i0[6]       ; Input ; Info     ; Stuck at GND ;
; i0[0]       ; Input ; Info     ; Stuck at GND ;
; i1[20..13]  ; Input ; Info     ; Stuck at VCC ;
; i1[34..28]  ; Input ; Info     ; Stuck at GND ;
; i1[26..21]  ; Input ; Info     ; Stuck at GND ;
; i1[12..9]   ; Input ; Info     ; Stuck at GND ;
; i1[7..0]    ; Input ; Info     ; Stuck at GND ;
; i1[27]      ; Input ; Info     ; Stuck at VCC ;
; i1[8]       ; Input ; Info     ; Stuck at VCC ;
; i2[30..29]  ; Input ; Info     ; Stuck at VCC ;
; i2[21..20]  ; Input ; Info     ; Stuck at VCC ;
; i2[14..13]  ; Input ; Info     ; Stuck at VCC ;
; i2[7..5]    ; Input ; Info     ; Stuck at VCC ;
; i2[33..31]  ; Input ; Info     ; Stuck at GND ;
; i2[26..25]  ; Input ; Info     ; Stuck at GND ;
; i2[23..22]  ; Input ; Info     ; Stuck at GND ;
; i2[19..18]  ; Input ; Info     ; Stuck at GND ;
; i2[16..15]  ; Input ; Info     ; Stuck at GND ;
; i2[10..8]   ; Input ; Info     ; Stuck at GND ;
; i2[4..2]    ; Input ; Info     ; Stuck at GND ;
; i2[34]      ; Input ; Info     ; Stuck at VCC ;
; i2[28]      ; Input ; Info     ; Stuck at GND ;
; i2[27]      ; Input ; Info     ; Stuck at VCC ;
; i2[24]      ; Input ; Info     ; Stuck at VCC ;
; i2[17]      ; Input ; Info     ; Stuck at VCC ;
; i2[12]      ; Input ; Info     ; Stuck at GND ;
; i2[11]      ; Input ; Info     ; Stuck at VCC ;
; i2[1]       ; Input ; Info     ; Stuck at VCC ;
; i2[0]       ; Input ; Info     ; Stuck at GND ;
; i3[33..32]  ; Input ; Info     ; Stuck at VCC ;
; i3[30..29]  ; Input ; Info     ; Stuck at VCC ;
; i3[21..20]  ; Input ; Info     ; Stuck at VCC ;
; i3[14..13]  ; Input ; Info     ; Stuck at VCC ;
; i3[26..25]  ; Input ; Info     ; Stuck at GND ;
; i3[23..22]  ; Input ; Info     ; Stuck at GND ;
; i3[19..18]  ; Input ; Info     ; Stuck at GND ;
; i3[16..15]  ; Input ; Info     ; Stuck at GND ;
; i3[12..11]  ; Input ; Info     ; Stuck at GND ;
; i3[9..8]    ; Input ; Info     ; Stuck at GND ;
; i3[4..2]    ; Input ; Info     ; Stuck at GND ;
; i3[34]      ; Input ; Info     ; Stuck at GND ;
; i3[31]      ; Input ; Info     ; Stuck at GND ;
; i3[28]      ; Input ; Info     ; Stuck at GND ;
; i3[27]      ; Input ; Info     ; Stuck at VCC ;
; i3[24]      ; Input ; Info     ; Stuck at VCC ;
; i3[17]      ; Input ; Info     ; Stuck at VCC ;
; i3[10]      ; Input ; Info     ; Stuck at VCC ;
; i3[7]       ; Input ; Info     ; Stuck at VCC ;
; i3[6]       ; Input ; Info     ; Stuck at GND ;
; i3[5]       ; Input ; Info     ; Stuck at VCC ;
; i3[1]       ; Input ; Info     ; Stuck at VCC ;
; i3[0]       ; Input ; Info     ; Stuck at GND ;
; i4[27..21]  ; Input ; Info     ; Stuck at VCC ;
; i4[4..3]    ; Input ; Info     ; Stuck at VCC ;
; i4[34..33]  ; Input ; Info     ; Stuck at GND ;
; i4[31..28]  ; Input ; Info     ; Stuck at GND ;
; i4[20..19]  ; Input ; Info     ; Stuck at GND ;
; i4[17..16]  ; Input ; Info     ; Stuck at GND ;
; i4[14..12]  ; Input ; Info     ; Stuck at GND ;
; i4[8..5]    ; Input ; Info     ; Stuck at GND ;
; i4[2..0]    ; Input ; Info     ; Stuck at GND ;
; i4[32]      ; Input ; Info     ; Stuck at VCC ;
; i4[18]      ; Input ; Info     ; Stuck at VCC ;
; i4[15]      ; Input ; Info     ; Stuck at VCC ;
; i4[11]      ; Input ; Info     ; Stuck at VCC ;
; i4[10]      ; Input ; Info     ; Stuck at GND ;
; i4[9]       ; Input ; Info     ; Stuck at VCC ;
; i5[33..31]  ; Input ; Info     ; Stuck at VCC ;
; i5[28..27]  ; Input ; Info     ; Stuck at VCC ;
; i5[21..20]  ; Input ; Info     ; Stuck at VCC ;
; i5[14..13]  ; Input ; Info     ; Stuck at VCC ;
; i5[2..0]    ; Input ; Info     ; Stuck at VCC ;
; i5[30..29]  ; Input ; Info     ; Stuck at GND ;
; i5[26..24]  ; Input ; Info     ; Stuck at GND ;
; i5[19..17]  ; Input ; Info     ; Stuck at GND ;
; i5[12..10]  ; Input ; Info     ; Stuck at GND ;
; i5[4..3]    ; Input ; Info     ; Stuck at GND ;
; i5[34]      ; Input ; Info     ; Stuck at GND ;
; i5[23]      ; Input ; Info     ; Stuck at VCC ;
; i5[22]      ; Input ; Info     ; Stuck at GND ;
; i5[16]      ; Input ; Info     ; Stuck at VCC ;
; i5[15]      ; Input ; Info     ; Stuck at GND ;
; i5[9]       ; Input ; Info     ; Stuck at VCC ;
; i5[8]       ; Input ; Info     ; Stuck at GND ;
; i5[7]       ; Input ; Info     ; Stuck at VCC ;
; i5[6]       ; Input ; Info     ; Stuck at GND ;
; i5[5]       ; Input ; Info     ; Stuck at VCC ;
; i6[33..32]  ; Input ; Info     ; Stuck at VCC ;
; i6[21..20]  ; Input ; Info     ; Stuck at VCC ;
; i6[14..13]  ; Input ; Info     ; Stuck at VCC ;
; i6[5..2]    ; Input ; Info     ; Stuck at VCC ;
; i6[31..28]  ; Input ; Info     ; Stuck at GND ;
; i6[26..25]  ; Input ; Info     ; Stuck at GND ;
; i6[23..22]  ; Input ; Info     ; Stuck at GND ;
; i6[19..18]  ; Input ; Info     ; Stuck at GND ;
; i6[16..15]  ; Input ; Info     ; Stuck at GND ;
; i6[12..11]  ; Input ; Info     ; Stuck at GND ;
; i6[7..6]    ; Input ; Info     ; Stuck at GND ;
; i6[1..0]    ; Input ; Info     ; Stuck at GND ;
; i6[34]      ; Input ; Info     ; Stuck at GND ;
; i6[27]      ; Input ; Info     ; Stuck at VCC ;
; i6[24]      ; Input ; Info     ; Stuck at VCC ;
; i6[17]      ; Input ; Info     ; Stuck at VCC ;
; i6[10]      ; Input ; Info     ; Stuck at VCC ;
; i6[9]       ; Input ; Info     ; Stuck at GND ;
; i6[8]       ; Input ; Info     ; Stuck at VCC ;
; i7[29..28]  ; Input ; Info     ; Stuck at VCC ;
; i7[14..11]  ; Input ; Info     ; Stuck at VCC ;
; i7[34..30]  ; Input ; Info     ; Stuck at GND ;
; i7[27..24]  ; Input ; Info     ; Stuck at GND ;
; i7[20..18]  ; Input ; Info     ; Stuck at GND ;
; i7[16..15]  ; Input ; Info     ; Stuck at GND ;
; i7[10..8]   ; Input ; Info     ; Stuck at GND ;
; i7[6..1]    ; Input ; Info     ; Stuck at GND ;
; i7[23]      ; Input ; Info     ; Stuck at VCC ;
; i7[22]      ; Input ; Info     ; Stuck at GND ;
; i7[21]      ; Input ; Info     ; Stuck at VCC ;
; i7[17]      ; Input ; Info     ; Stuck at VCC ;
; i7[7]       ; Input ; Info     ; Stuck at VCC ;
; i7[0]       ; Input ; Info     ; Stuck at VCC ;
; i8[33..32]  ; Input ; Info     ; Stuck at VCC ;
; i8[30..29]  ; Input ; Info     ; Stuck at VCC ;
; i8[21..20]  ; Input ; Info     ; Stuck at VCC ;
; i8[12..11]  ; Input ; Info     ; Stuck at VCC ;
; i8[9..8]    ; Input ; Info     ; Stuck at VCC ;
; i8[26..25]  ; Input ; Info     ; Stuck at GND ;
; i8[23..22]  ; Input ; Info     ; Stuck at GND ;
; i8[19..18]  ; Input ; Info     ; Stuck at GND ;
; i8[16..15]  ; Input ; Info     ; Stuck at GND ;
; i8[7..0]    ; Input ; Info     ; Stuck at GND ;
; i8[34]      ; Input ; Info     ; Stuck at GND ;
; i8[31]      ; Input ; Info     ; Stuck at GND ;
; i8[28]      ; Input ; Info     ; Stuck at GND ;
; i8[27]      ; Input ; Info     ; Stuck at VCC ;
; i8[24]      ; Input ; Info     ; Stuck at VCC ;
; i8[17]      ; Input ; Info     ; Stuck at VCC ;
; i8[14]      ; Input ; Info     ; Stuck at VCC ;
; i8[13]      ; Input ; Info     ; Stuck at GND ;
; i8[10]      ; Input ; Info     ; Stuck at GND ;
; i9[32..29]  ; Input ; Info     ; Stuck at VCC ;
; i9[21..20]  ; Input ; Info     ; Stuck at VCC ;
; i9[14..13]  ; Input ; Info     ; Stuck at VCC ;
; i9[2..1]    ; Input ; Info     ; Stuck at VCC ;
; i9[34..33]  ; Input ; Info     ; Stuck at GND ;
; i9[28..27]  ; Input ; Info     ; Stuck at GND ;
; i9[23..22]  ; Input ; Info     ; Stuck at GND ;
; i9[19..18]  ; Input ; Info     ; Stuck at GND ;
; i9[16..15]  ; Input ; Info     ; Stuck at GND ;
; i9[12..11]  ; Input ; Info     ; Stuck at GND ;
; i9[9..8]    ; Input ; Info     ; Stuck at GND ;
; i9[6..3]    ; Input ; Info     ; Stuck at GND ;
; i9[26]      ; Input ; Info     ; Stuck at VCC ;
; i9[25]      ; Input ; Info     ; Stuck at GND ;
; i9[24]      ; Input ; Info     ; Stuck at VCC ;
; i9[17]      ; Input ; Info     ; Stuck at VCC ;
; i9[10]      ; Input ; Info     ; Stuck at VCC ;
; i9[7]       ; Input ; Info     ; Stuck at VCC ;
; i9[0]       ; Input ; Info     ; Stuck at GND ;
; i10[27..24] ; Input ; Info     ; Stuck at VCC ;
; i10[33..28] ; Input ; Info     ; Stuck at GND ;
; i10[23..21] ; Input ; Info     ; Stuck at GND ;
; i10[15..14] ; Input ; Info     ; Stuck at GND ;
; i10[8..6]   ; Input ; Info     ; Stuck at GND ;
; i10[4..0]   ; Input ; Info     ; Stuck at GND ;
; i10[34]     ; Input ; Info     ; Stuck at VCC ;
; i10[20]     ; Input ; Info     ; Stuck at VCC ;
; i10[19]     ; Input ; Info     ; Stuck at GND ;
; i10[18]     ; Input ; Info     ; Stuck at VCC ;
; i10[17]     ; Input ; Info     ; Stuck at GND ;
; i10[16]     ; Input ; Info     ; Stuck at VCC ;
; i10[13]     ; Input ; Info     ; Stuck at VCC ;
; i10[12]     ; Input ; Info     ; Stuck at GND ;
; i10[11]     ; Input ; Info     ; Stuck at VCC ;
; i10[10]     ; Input ; Info     ; Stuck at GND ;
; i10[9]      ; Input ; Info     ; Stuck at VCC ;
; i10[5]      ; Input ; Info     ; Stuck at VCC ;
; i11[33..31] ; Input ; Info     ; Stuck at VCC ;
; i11[6..0]   ; Input ; Info     ; Stuck at VCC ;
; i11[30..28] ; Input ; Info     ; Stuck at GND ;
; i11[26..24] ; Input ; Info     ; Stuck at GND ;
; i11[22..21] ; Input ; Info     ; Stuck at GND ;
; i11[19..17] ; Input ; Info     ; Stuck at GND ;
; i11[15..14] ; Input ; Info     ; Stuck at GND ;
; i11[12..11] ; Input ; Info     ; Stuck at GND ;
; i11[9..7]   ; Input ; Info     ; Stuck at GND ;
; i11[34]     ; Input ; Info     ; Stuck at GND ;
; i11[27]     ; Input ; Info     ; Stuck at VCC ;
; i11[23]     ; Input ; Info     ; Stuck at VCC ;
; i11[20]     ; Input ; Info     ; Stuck at VCC ;
; i11[16]     ; Input ; Info     ; Stuck at VCC ;
; i11[13]     ; Input ; Info     ; Stuck at VCC ;
; i11[10]     ; Input ; Info     ; Stuck at VCC ;
; i12[5..3]   ; Input ; Info     ; Stuck at VCC ;
; i12[32..28] ; Input ; Info     ; Stuck at GND ;
; i12[26..24] ; Input ; Info     ; Stuck at GND ;
; i12[22..21] ; Input ; Info     ; Stuck at GND ;
; i12[19..17] ; Input ; Info     ; Stuck at GND ;
; i12[15..14] ; Input ; Info     ; Stuck at GND ;
; i12[12..10] ; Input ; Info     ; Stuck at GND ;
; i12[8..6]   ; Input ; Info     ; Stuck at GND ;
; i12[2..0]   ; Input ; Info     ; Stuck at GND ;
; i12[34]     ; Input ; Info     ; Stuck at GND ;
; i12[33]     ; Input ; Info     ; Stuck at VCC ;
; i12[27]     ; Input ; Info     ; Stuck at VCC ;
; i12[23]     ; Input ; Info     ; Stuck at VCC ;
; i12[20]     ; Input ; Info     ; Stuck at VCC ;
; i12[16]     ; Input ; Info     ; Stuck at VCC ;
; i12[13]     ; Input ; Info     ; Stuck at VCC ;
; i12[9]      ; Input ; Info     ; Stuck at VCC ;
; i13[34..27] ; Input ; Info     ; Stuck at VCC ;
; i13[5..3]   ; Input ; Info     ; Stuck at VCC ;
; i13[26..25] ; Input ; Info     ; Stuck at GND ;
; i13[23..21] ; Input ; Info     ; Stuck at GND ;
; i13[19..17] ; Input ; Info     ; Stuck at GND ;
; i13[15..14] ; Input ; Info     ; Stuck at GND ;
; i13[12..10] ; Input ; Info     ; Stuck at GND ;
; i13[8..6]   ; Input ; Info     ; Stuck at GND ;
; i13[2..0]   ; Input ; Info     ; Stuck at GND ;
; i13[24]     ; Input ; Info     ; Stuck at VCC ;
; i13[20]     ; Input ; Info     ; Stuck at VCC ;
; i13[16]     ; Input ; Info     ; Stuck at VCC ;
; i13[13]     ; Input ; Info     ; Stuck at VCC ;
; i13[9]      ; Input ; Info     ; Stuck at VCC ;
; i14[5..3]   ; Input ; Info     ; Stuck at VCC ;
; i14[34..32] ; Input ; Info     ; Stuck at GND ;
; i14[30..28] ; Input ; Info     ; Stuck at GND ;
; i14[22..21] ; Input ; Info     ; Stuck at GND ;
; i14[15..14] ; Input ; Info     ; Stuck at GND ;
; i14[8..6]   ; Input ; Info     ; Stuck at GND ;
; i14[2..0]   ; Input ; Info     ; Stuck at GND ;
; i14[31]     ; Input ; Info     ; Stuck at VCC ;
; i14[27]     ; Input ; Info     ; Stuck at VCC ;
; i14[26]     ; Input ; Info     ; Stuck at GND ;
; i14[25]     ; Input ; Info     ; Stuck at VCC ;
; i14[24]     ; Input ; Info     ; Stuck at GND ;
; i14[23]     ; Input ; Info     ; Stuck at VCC ;
; i14[20]     ; Input ; Info     ; Stuck at VCC ;
; i14[19]     ; Input ; Info     ; Stuck at GND ;
; i14[18]     ; Input ; Info     ; Stuck at VCC ;
; i14[17]     ; Input ; Info     ; Stuck at GND ;
; i14[16]     ; Input ; Info     ; Stuck at VCC ;
; i14[13]     ; Input ; Info     ; Stuck at VCC ;
; i14[12]     ; Input ; Info     ; Stuck at GND ;
; i14[11]     ; Input ; Info     ; Stuck at VCC ;
; i14[10]     ; Input ; Info     ; Stuck at GND ;
; i14[9]      ; Input ; Info     ; Stuck at VCC ;
; i15[21..15] ; Input ; Info     ; Stuck at VCC ;
; i15[34..30] ; Input ; Info     ; Stuck at GND ;
; i15[28..25] ; Input ; Info     ; Stuck at GND ;
; i15[23..22] ; Input ; Info     ; Stuck at GND ;
; i15[14..11] ; Input ; Info     ; Stuck at GND ;
; i15[9..0]   ; Input ; Info     ; Stuck at GND ;
; i15[29]     ; Input ; Info     ; Stuck at VCC ;
; i15[24]     ; Input ; Info     ; Stuck at VCC ;
; i15[10]     ; Input ; Info     ; Stuck at VCC ;
+-------------+-------+----------+--------------+


+-------------------------------+
; Elapsed Time Per Partition    ;
+----------------+--------------+
; Partition Name ; Elapsed Time ;
+----------------+--------------+
; Top            ; 00:00:00     ;
+----------------+--------------+


+-------------------------------+
; Analysis & Synthesis Messages ;
+-------------------------------+
Info: *******************************************************************
Info: Running Quartus II 64-Bit Analysis & Synthesis
    Info: Version 13.0.1 Build 232 06/12/2013 Service Pack 1 SJ Web Edition
    Info: Processing started: Tue Sep 08 18:57:05 2026
Info: Command: quartus_map --read_settings_files=on --write_settings_files=off letras -c letras
Warning (20028): Parallel compilation is not licensed and has been disabled
Info (12021): Found 2 design units, including 1 entities, in source file mux8x8.vhd
    Info (12022): Found design unit 1: MUX8X8-CKT
    Info (12023): Found entity 1: MUX8X8
Info (12021): Found 2 design units, including 1 entities, in source file mux8x1.vhd
    Info (12022): Found design unit 1: MUX8X1-CKT
    Info (12023): Found entity 1: MUX8X1
Info (12021): Found 2 design units, including 1 entities, in source file mux4x1.vhd
    Info (12022): Found design unit 1: MUX4X1-CKT
    Info (12023): Found entity 1: MUX4X1
Info (12021): Found 2 design units, including 1 entities, in source file mux2x1.vhd
    Info (12022): Found design unit 1: MUX2X1-CKT
    Info (12023): Found entity 1: MUX2X1
Info (12021): Found 2 design units, including 1 entities, in source file mux16x35.vhd
    Info (12022): Found design unit 1: MUX16X35-CKT
    Info (12023): Found entity 1: MUX16X35
Info (12021): Found 2 design units, including 1 entities, in source file mux16x1.vhd
    Info (12022): Found design unit 1: MUX16X1-CKT
    Info (12023): Found entity 1: MUX16X1
Info (12021): Found 2 design units, including 1 entities, in source file main.vhd
    Info (12022): Found design unit 1: LETRAS-CKT
    Info (12023): Found entity 1: LETRAS
Info (12127): Elaborating entity "LETRAS" for the top level hierarchy
Info (12128): Elaborating entity "MUX16X35" for hierarchy "MUX16X35:U0"
Info (12128): Elaborating entity "MUX16X1" for hierarchy "MUX16X35:U0|MUX16X1:U0"
Info (12128): Elaborating entity "MUX8X1" for hierarchy "MUX16X35:U0|MUX16X1:U0|MUX8X1:U0"
Info (12128): Elaborating entity "MUX4X1" for hierarchy "MUX16X35:U0|MUX16X1:U0|MUX8X1:U0|MUX4X1:U0"
Info (12128): Elaborating entity "MUX2X1" for hierarchy "MUX16X35:U0|MUX16X1:U0|MUX8X1:U0|MUX4X1:U0|MUX2X1:U0"
Info (12128): Elaborating entity "MUX8X8" for hierarchy "MUX8X8:U1"
Warning (13024): Output pins are stuck at VCC or GND
    Warning (13410): Pin "LEDR[0]" is stuck at GND
    Warning (13410): Pin "LEDG[0]" is stuck at GND
    Warning (13410): Pin "LEDG[1]" is stuck at GND
    Warning (13410): Pin "LEDG[2]" is stuck at GND
    Warning (13410): Pin "LEDG[3]" is stuck at GND
    Warning (13410): Pin "LEDG[4]" is stuck at GND
    Warning (13410): Pin "LEDG[5]" is stuck at GND
    Warning (13410): Pin "LEDG[6]" is stuck at GND
    Warning (13410): Pin "LEDG[7]" is stuck at GND
Info (16010): Generating hard_block partition "hard_block:auto_generated_inst"
    Info (16011): Adding 0 node(s), including 0 DDIO, 0 PLL, 0 transceiver and 0 LCELL
Info (21057): Implemented 90 device resources after synthesis - the final resource count might be different
    Info (21058): Implemented 7 input pins
    Info (21059): Implemented 16 output pins
    Info (21061): Implemented 67 logic cells
Info: Quartus II 64-Bit Analysis & Synthesis was successful. 0 errors, 11 warnings
    Info: Peak virtual memory: 4645 megabytes
    Info: Processing ended: Tue Sep 08 18:57:08 2026
    Info: Elapsed time: 00:00:03
    Info: Total CPU time (on all processors): 00:00:02


